``` log
java -Xmx1g -XX:+UseSerialGC -XX:+PrintGCDetails -XX:+PrintGCDateStamps GCLogAnalysis
正在执行...
2022-03-12T22:34:56.683-0800: [GC (Allocation Failure) 2022-03-12T22:34:56.683-0800: [DefNew: 69759K->8703K(78656K), 0.0175559 secs] 69759K->27200K(253440K), 0.0175939 secs] [Times: user=0.01 sys=0.01, real=0.02 secs]
2022-03-12T22:34:56.719-0800: [GC (Allocation Failure) 2022-03-12T22:34:56.719-0800: [DefNew: 78655K->8701K(78656K), 0.0261644 secs] 97152K->56407K(253440K), 0.0262014 secs] [Times: user=0.01 sys=0.01, real=0.03 secs]
2022-03-12T22:34:56.760-0800: [GC (Allocation Failure) 2022-03-12T22:34:56.760-0800: [DefNew: 78520K->8699K(78656K), 0.0212612 secs] 126226K->82065K(253440K), 0.0213062 secs] [Times: user=0.01 sys=0.01, real=0.02 secs]
2022-03-12T22:34:56.796-0800: [GC (Allocation Failure) 2022-03-12T22:34:56.796-0800: [DefNew: 78111K->8701K(78656K), 0.0177376 secs] 151477K->104046K(253440K), 0.0177816 secs] [Times: user=0.01 sys=0.01, real=0.02 secs]
2022-03-12T22:34:56.826-0800: [GC (Allocation Failure) 2022-03-12T22:34:56.826-0800: [DefNew: 78653K->8703K(78656K), 0.0216774 secs] 173998K->131160K(253440K), 0.0217098 secs] [Times: user=0.02 sys=0.01, real=0.02 secs]
2022-03-12T22:34:56.861-0800: [GC (Allocation Failure) 2022-03-12T22:34:56.861-0800: [DefNew: 78655K->8701K(78656K), 0.0136473 secs] 201112K->150622K(253440K), 0.0136823 secs] [Times: user=0.01 sys=0.01, real=0.01 secs]
2022-03-12T22:34:56.888-0800: [GC (Allocation Failure) 2022-03-12T22:34:56.888-0800: [DefNew: 78225K->8704K(78656K), 0.0193132 secs] 220146K->172597K(253440K), 0.0193871 secs] [Times: user=0.01 sys=0.01, real=0.02 secs]
2022-03-12T22:34:56.921-0800: [GC (Allocation Failure) 2022-03-12T22:34:56.921-0800: [DefNew: 78656K->8701K(78656K), 0.0197020 secs]2022-03-12T22:34:56.941-0800: [Tenured: 185437K->167563K(185516K), 0.0361492 secs] 242549K->167563K(264172K), [Metaspace: 2560K->2560K(1056768K)], 0.0561269 secs] [Times: user=0.04 sys=0.00, real=0.05 secs]
2022-03-12T22:34:57.009-0800: [GC (Allocation Failure) 2022-03-12T22:34:57.009-0800: [DefNew: 111744K->13951K(125696K), 0.0171406 secs] 279307K->205435K(404972K), 0.0171870 secs] [Times: user=0.01 sys=0.01, real=0.02 secs]
2022-03-12T22:34:57.049-0800: [GC (Allocation Failure) 2022-03-12T22:34:57.049-0800: [DefNew: 125695K->13951K(125696K), 0.0325489 secs] 317179K->242621K(404972K), 0.0325826 secs] [Times: user=0.02 sys=0.01, real=0.04 secs]
2022-03-12T22:34:57.102-0800: [GC (Allocation Failure) 2022-03-12T22:34:57.102-0800: [DefNew: 125609K->13948K(125696K), 0.0261831 secs] 354280K->275736K(404972K), 0.0262306 secs] [Times: user=0.02 sys=0.01, real=0.02 secs]
2022-03-12T22:34:57.151-0800: [GC (Allocation Failure) 2022-03-12T22:34:57.151-0800: [DefNew: 125692K->13950K(125696K), 0.0240703 secs]2022-03-12T22:34:57.175-0800: [Tenured: 291140K->247227K(291320K), 0.0506582 secs] 387480K->247227K(417016K), [Metaspace: 2560K->2560K(1056768K)], 0.0752971 secs] [Times: user=0.06 sys=0.01, real=0.07 secs]
2022-03-12T22:34:57.267-0800: [GC (Allocation Failure) 2022-03-12T22:34:57.267-0800: [DefNew: 164608K->20607K(185472K), 0.0196964 secs] 411835K->304258K(597520K), 0.0197335 secs] [Times: user=0.01 sys=0.01, real=0.02 secs]
2022-03-12T22:34:57.320-0800: [GC (Allocation Failure) 2022-03-12T22:34:57.320-0800: [DefNew: 185471K->20604K(185472K), 0.0467489 secs] 469122K->356241K(597520K), 0.0468335 secs] [Times: user=0.03 sys=0.02, real=0.04 secs]
2022-03-12T22:34:57.394-0800: [GC (Allocation Failure) 2022-03-12T22:34:57.394-0800: [DefNew: 185468K->20607K(185472K), 0.0394042 secs] 521105K->403964K(597520K), 0.0394395 secs] [Times: user=0.02 sys=0.01, real=0.04 secs]
2022-03-12T22:34:57.459-0800: [GC (Allocation Failure) 2022-03-12T22:34:57.459-0800: [DefNew: 185471K->20607K(185472K), 0.0436204 secs]2022-03-12T22:34:57.503-0800: [Tenured: 438383K->327590K(438396K), 0.0622832 secs] 568828K->327590K(623868K), [Metaspace: 2560K->2560K(1056768K)], 0.1062315 secs] [Times: user=0.09 sys=0.02, real=0.11 secs]
2022-03-12T22:34:57.605-0800: [GC (Allocation Failure) 2022-03-12T22:34:57.605-0800: [DefNew: 218442K->27263K(245760K), 0.0249790 secs] 546032K->399332K(791744K), 0.0250431 secs] [Times: user=0.02 sys=0.00, real=0.03 secs]
执行结束!共生成对象次数:7244
Heap
 def new generation   total 245760K, used 59899K [0x0000000780000000, 0x0000000790aa0000, 0x0000000795550000)
  eden space 218496K,  14% used [0x0000000780000000, 0x0000000781fdeec8, 0x000000078d560000)
  from space 27264K,  99% used [0x000000078f000000, 0x0000000790a9fe28, 0x0000000790aa0000)
  to   space 27264K,   0% used [0x000000078d560000, 0x000000078d560000, 0x000000078f000000)
 tenured generation   total 545984K, used 372069K [0x0000000795550000, 0x00000007b6a80000, 0x00000007c0000000)
   the space 545984K,  68% used [0x0000000795550000, 0x00000007ac0a95d0, 0x00000007ac0a9600, 0x00000007b6a80000)
 Metaspace       used 2567K, capacity 4486K, committed 4864K, reserved 1056768K
  class space    used 276K, capacity 386K, committed 512K, reserved 1048576K
 
```

